--------------------------------------------------------------------------------------
Timing Analyzer Summary
--------------------------------------------------------------------------------------

Type           : Worst-case tsu
Slack          : N/A
Required Time  : None
Actual Time    : 5.220 ns
From           : CLK
To             : Control_device_cache:inst3|lpm_dff0:inst32|lpm_ff:lpm_ff_component|dffs[1]
From Clock     : --
To Clock       : CLK
Failed Paths   : 0

Type           : Worst-case tco
Slack          : N/A
Required Time  : None
Actual Time    : 17.480 ns
From           : Control_device_cache:inst3|inst104
To             : OUT_CPU[0]
From Clock     : CLK
To Clock       : --
Failed Paths   : 0

Type           : Worst-case th
Slack          : N/A
Required Time  : None
Actual Time    : 2.471 ns
From           : CLK
To             : Control_device_cache:inst3|inst104
From Clock     : --
To Clock       : CLK
Failed Paths   : 0

Type           : Clock Setup: 'CLK'
Slack          : N/A
Required Time  : None
Actual Time    : 76.91 MHz ( period = 13.002 ns )
From           : lpm_counter2:inst1|lpm_counter:lpm_counter_component|cntr_bai:auto_generated|safe_q[8]
To             : Control_device_cache:inst3|lpm_dff0:inst5|lpm_ff:lpm_ff_component|dffs[0]
From Clock     : CLK
To Clock       : CLK
Failed Paths   : 0

Type           : Clock Hold: 'CLK'
Slack          : Not operational: Clock Skew > Data Delay
Required Time  : None
Actual Time    : N/A
From           : Control_device_cache:inst3|Blok_comparing:inst123|lpm_counter5:inst8|lpm_counter:lpm_counter_component|cntr_olh:auto_generated|safe_q[1]
To             : Control_device_cache:inst3|Blok_comparing:inst123|lpm_dff1:inst28|lpm_ff:lpm_ff_component|dffs[0]
From Clock     : CLK
To Clock       : CLK
Failed Paths   : 101

Type           : Total number of failed paths
Slack          : 
Required Time  : 
Actual Time    : 
From           : 
To             : 
From Clock     : 
To Clock       : 
Failed Paths   : 101

--------------------------------------------------------------------------------------

